// Jest Snapshot v1, https://goo.gl/fbAQLP

exports[`组件测试: Button render correctly 1`] = `
<DocumentFragment>
  <div>
    111
  </div>
</DocumentFragment>
`;
